[0m22:41:58.674804 [debug] [MainThread]: Sending event: {'category': 'dbt', 'action': 'invocation', 'label': 'start', 'context': [<snowplow_tracker.self_describing_json.SelfDescribingJson object at 0x7f9118412d40>, <snowplow_tracker.self_describing_json.SelfDescribingJson object at 0x7f91160a0a90>, <snowplow_tracker.self_describing_json.SelfDescribingJson object at 0x7f91160a0a30>]}


============================== 22:41:58.681279 | ad3556ab-3421-4b76-8285-0206aea23124 ==============================
[0m22:41:58.681279 [info ] [MainThread]: Running with dbt=1.7.0
[0m22:41:58.681876 [debug] [MainThread]: running dbt with arguments {'printer_width': '80', 'indirect_selection': 'eager', 'write_json': 'True', 'log_cache_events': 'False', 'partial_parse': 'True', 'cache_selected_only': 'False', 'warn_error': 'None', 'debug': 'False', 'fail_fast': 'False', 'log_path': 'logs', 'profiles_dir': '/root/.dbt', 'version_check': 'True', 'use_colors': 'True', 'use_experimental_parser': 'False', 'no_print': 'None', 'quiet': 'False', 'log_format': 'default', 'introspect': 'True', 'static_parser': 'True', 'invocation_command': 'dbt init crm_project', 'target_path': 'None', 'warn_error_options': 'WarnErrorOptions(include=[], exclude=[])', 'send_anonymous_usage_stats': 'True'}
[0m22:41:58.682503 [warn ] [MainThread]: [ConfigFolderDirectory]: Unable to parse dict {'dir': PosixPath('/root/.dbt')}
[0m22:41:58.682884 [info ] [MainThread]: Creating dbt configuration folder at 
[0m22:41:58.684652 [debug] [MainThread]: Starter project path: /usr/local/lib/python3.10/site-packages/dbt/include/starter_project
[0m22:41:58.687704 [info ] [MainThread]: 
Your new dbt project "crm_project" was created!

For more information on how to configure the profiles.yml file,
please consult the dbt documentation here:

  https://docs.getdbt.com/docs/configure-your-profile

One more thing:

Need help? Don't hesitate to reach out to us via GitHub issues or on Slack:

  https://community.getdbt.com/

Happy modeling!

[0m22:41:58.688345 [info ] [MainThread]: Setting up your profile.
[0m22:42:52.931699 [info ] [MainThread]: Profile crm_project written to /root/.dbt/profiles.yml using target's sample configuration. Once updated, you'll be able to start developing with dbt.
[0m22:42:52.933177 [debug] [MainThread]: Resource report: {"command_name": "init", "command_success": true, "command_wall_clock_time": 54.26174, "process_user_time": 2.204675, "process_kernel_time": 0.201929, "process_mem_max_rss": "95104", "process_in_blocks": "58736", "process_out_blocks": "2384"}
[0m22:42:52.933908 [debug] [MainThread]: Command `dbt init` succeeded at 22:42:52.933767 after 54.26 seconds
[0m22:42:52.934290 [debug] [MainThread]: Sending event: {'category': 'dbt', 'action': 'invocation', 'label': 'end', 'context': [<snowplow_tracker.self_describing_json.SelfDescribingJson object at 0x7f9118412d40>, <snowplow_tracker.self_describing_json.SelfDescribingJson object at 0x7f911a65ec80>, <snowplow_tracker.self_describing_json.SelfDescribingJson object at 0x7f911610ee60>]}
[0m22:42:52.934693 [debug] [MainThread]: Flushing usage events
[0m22:43:03.146250 [debug] [MainThread]: Error sending anonymous usage statistics. Disabling tracking for this execution. If you wish to permanently disable tracking, see: https://docs.getdbt.com/reference/global-configs#send-anonymous-usage-stats.
[0m22:53:20.618694 [debug] [MainThread]: Sending event: {'category': 'dbt', 'action': 'invocation', 'label': 'start', 'context': [<snowplow_tracker.self_describing_json.SelfDescribingJson object at 0x7f718b3df340>, <snowplow_tracker.self_describing_json.SelfDescribingJson object at 0x7f7189151d80>, <snowplow_tracker.self_describing_json.SelfDescribingJson object at 0x7f7189151c90>]}


============================== 22:53:20.622064 | 7b5ceb87-2526-4b1b-899a-9c88e18a3b29 ==============================
[0m22:53:20.622064 [info ] [MainThread]: Running with dbt=1.7.0
[0m22:53:20.622737 [debug] [MainThread]: running dbt with arguments {'printer_width': '80', 'indirect_selection': 'eager', 'log_cache_events': 'False', 'write_json': 'True', 'partial_parse': 'True', 'cache_selected_only': 'False', 'profiles_dir': '/root/.dbt', 'version_check': 'True', 'warn_error': 'None', 'log_path': 'logs', 'fail_fast': 'False', 'debug': 'False', 'use_colors': 'True', 'use_experimental_parser': 'False', 'no_print': 'None', 'quiet': 'False', 'log_format': 'default', 'invocation_command': 'dbt debug --profiles-dir /root/.dbt', 'warn_error_options': 'WarnErrorOptions(include=[], exclude=[])', 'introspect': 'True', 'target_path': 'None', 'static_parser': 'True', 'send_anonymous_usage_stats': 'True'}
[0m22:53:20.623286 [info ] [MainThread]: dbt version: 1.7.0
[0m22:53:20.623644 [info ] [MainThread]: python version: 3.10.7
[0m22:53:20.624004 [info ] [MainThread]: python path: /usr/local/bin/python
[0m22:53:20.624303 [info ] [MainThread]: os info: Linux-6.14.2-300.fc42.x86_64-x86_64-with-glibc2.31
[0m22:53:20.716778 [info ] [MainThread]: Using profiles dir at /root/.dbt
[0m22:53:20.717340 [info ] [MainThread]: Using profiles.yml file at /root/.dbt/profiles.yml
[0m22:53:20.717845 [info ] [MainThread]: Using dbt_project.yml file at /usr/app/dbt_project.yml
[0m22:53:20.718266 [info ] [MainThread]: Configuration:
[0m22:53:20.718636 [info ] [MainThread]:   profiles.yml file [[31mERROR invalid[0m]
[0m22:53:20.718987 [info ] [MainThread]:   dbt_project.yml file [[31mERROR not found[0m]
[0m22:53:20.719318 [info ] [MainThread]: Required dependencies:
[0m22:53:20.719667 [debug] [MainThread]: Executing "git --help"
[0m22:53:20.728200 [debug] [MainThread]: STDOUT: "b"usage: git [--version] [--help] [-C <path>] [-c <name>=<value>]\n           [--exec-path[=<path>]] [--html-path] [--man-path] [--info-path]\n           [-p | --paginate | -P | --no-pager] [--no-replace-objects] [--bare]\n           [--git-dir=<path>] [--work-tree=<path>] [--namespace=<name>]\n           <command> [<args>]\n\nThese are common Git commands used in various situations:\n\nstart a working area (see also: git help tutorial)\n   clone             Clone a repository into a new directory\n   init              Create an empty Git repository or reinitialize an existing one\n\nwork on the current change (see also: git help everyday)\n   add               Add file contents to the index\n   mv                Move or rename a file, a directory, or a symlink\n   restore           Restore working tree files\n   rm                Remove files from the working tree and from the index\n   sparse-checkout   Initialize and modify the sparse-checkout\n\nexamine the history and state (see also: git help revisions)\n   bisect            Use binary search to find the commit that introduced a bug\n   diff              Show changes between commits, commit and working tree, etc\n   grep              Print lines matching a pattern\n   log               Show commit logs\n   show              Show various types of objects\n   status            Show the working tree status\n\ngrow, mark and tweak your common history\n   branch            List, create, or delete branches\n   commit            Record changes to the repository\n   merge             Join two or more development histories together\n   rebase            Reapply commits on top of another base tip\n   reset             Reset current HEAD to the specified state\n   switch            Switch branches\n   tag               Create, list, delete or verify a tag object signed with GPG\n\ncollaborate (see also: git help workflows)\n   fetch             Download objects and refs from another repository\n   pull              Fetch from and integrate with another repository or a local branch\n   push              Update remote refs along with associated objects\n\n'git help -a' and 'git help -g' list available subcommands and some\nconcept guides. See 'git help <command>' or 'git help <concept>'\nto read about a specific subcommand or concept.\nSee 'git help git' for an overview of the system.\n""
[0m22:53:20.729060 [debug] [MainThread]: STDERR: "b''"
[0m22:53:20.729538 [info ] [MainThread]:  - git [[32mOK found[0m]

[0m22:53:20.730036 [info ] [MainThread]: Connection test skipped since no profile was found
[0m22:53:20.730555 [info ] [MainThread]: [31m2 checks failed:[0m
[0m22:53:20.731014 [info ] [MainThread]: Could not load dbt_project.yml
Profile loading failed for the following reason:
Runtime Error
  Credentials in profile "crm_project", target "dev" invalid: 2003 is not of type 'string'


[0m22:53:20.731427 [info ] [MainThread]: Project loading failed for the following reason:
 project path </usr/app/dbt_project.yml> not found

[0m22:53:20.733886 [debug] [MainThread]: Resource report: {"command_name": "debug", "command_wall_clock_time": 0.15819828, "process_user_time": 2.126143, "process_kernel_time": 0.131538, "process_mem_max_rss": "95356", "process_in_blocks": "27056", "process_out_blocks": "96", "command_success": false}
[0m22:53:20.734808 [debug] [MainThread]: Command `dbt debug` failed at 22:53:20.734604 after 0.16 seconds
[0m22:53:20.735440 [debug] [MainThread]: Sending event: {'category': 'dbt', 'action': 'invocation', 'label': 'end', 'context': [<snowplow_tracker.self_describing_json.SelfDescribingJson object at 0x7f718b3df340>, <snowplow_tracker.self_describing_json.SelfDescribingJson object at 0x7f7189151cc0>, <snowplow_tracker.self_describing_json.SelfDescribingJson object at 0x7f7189151f30>]}
[0m22:53:20.736091 [debug] [MainThread]: Flushing usage events
[0m22:53:31.145657 [debug] [MainThread]: Error sending anonymous usage statistics. Disabling tracking for this execution. If you wish to permanently disable tracking, see: https://docs.getdbt.com/reference/global-configs#send-anonymous-usage-stats.
